/home/user/kkk/src/ema_study/engine.py:96: RuntimeWarning: invalid value encountered in divide
  "calmar": np.where(dd < -1e-9, cagr / np.abs(dd), np.nan),
/home/user/kkk/src/ema_study/engine.py:96: RuntimeWarning: invalid value encountered in divide
  "calmar": np.where(dd < -1e-9, cagr / np.abs(dd), np.nan),
/home/user/kkk/src/ema_study/engine.py:96: RuntimeWarning: invalid value encountered in divide
  "calmar": np.where(dd < -1e-9, cagr / np.abs(dd), np.nan),
/home/user/kkk/src/ema_study/engine.py:96: RuntimeWarning: invalid value encountered in divide
  "calmar": np.where(dd < -1e-9, cagr / np.abs(dd), np.nan),

rolling 3-year windows, median over markets:
  pair mode  markets  med_of_median_3y  share_windows_positive
 12/26 long       79             0.251                   0.698
 12/26   ls       79            -0.062                   0.456
 20/50 long       79             0.221                   0.717
 20/50   ls       79             0.010                   0.498
40/116 long       79             0.345                   0.725
40/116   ls       79             0.144                   0.605
50/200 long       79             0.358                   0.714
50/200   ls       79             0.196                   0.633
58/160 long       79             0.327                   0.717
58/160   ls       79             0.199                   0.614
60/130 long       79             0.320                   0.719
60/130   ls       79             0.190                   0.625
  9/21 long       79             0.245                   0.691
  9/21   ls       79            -0.065                   0.434

equal-weight vol-targeted trend book (full history per market), by calendar year:
   pair mode  sharpe  cagr  max_dd  calmar   vol  years  share_years_positive  worst_year  best_year  median_year
 60/130 long   0.973 0.090  -0.211   0.428 0.093     57                 0.719      -0.125      0.422        0.084
 58/134 long   0.970 0.090  -0.214   0.420 0.093     57                 0.719      -0.123      0.422        0.083
 60/132 long   0.969 0.090  -0.211   0.425 0.093     57                 0.737      -0.124      0.422        0.082
 62/130 long   0.963 0.089  -0.220   0.406 0.093     57                 0.719      -0.124      0.424        0.082
 62/128 long   0.953 0.088  -0.218   0.405 0.093     57                 0.719      -0.125      0.421        0.083
 80/144 long   0.949 0.088  -0.295   0.298 0.093     56                 0.732      -0.154      0.435        0.110
 78/118 long   0.921 0.085  -0.227   0.374 0.093     57                 0.719      -0.119      0.424        0.082
 50/200 long   0.917 0.085  -0.317   0.267 0.093     56                 0.679      -0.134      0.452        0.089
  21/55 long   0.908 0.086  -0.330   0.260 0.096     57                 0.754      -0.153      0.433        0.115
   5/35 long   0.905 0.086  -0.335   0.257 0.096     57                 0.719      -0.125      0.451        0.087
 32/384 long   0.883 0.081  -0.274   0.295 0.093     55                 0.709      -0.122      0.486        0.071
  20/50 long   0.881 0.084  -0.345   0.242 0.096     57                 0.737      -0.150      0.435        0.095
   9/21 long   0.874 0.083  -0.310   0.268 0.097     57                 0.667      -0.119      0.408        0.113
  12/26 long   0.874 0.083  -0.425   0.195 0.097     57                 0.684      -0.172      0.415        0.093
  10/20 long   0.858 0.081  -0.315   0.258 0.097     57                 0.684      -0.137      0.398        0.112
116/378 long   0.847 0.077  -0.314   0.246 0.093     56                 0.714      -0.190      0.476        0.069
120/398 long   0.836 0.076  -0.306   0.249 0.093     55                 0.727      -0.148      0.465        0.064
100/300 long   0.777 0.070  -0.348   0.202 0.093     56                 0.696      -0.220      0.463        0.071
200/400 long   0.754 0.068  -0.308   0.220 0.093     55                 0.709      -0.179      0.474        0.064

one global pair vs each market's own in-sample optimum:
  pair                 label  markets  med_sharpe_global  med_sharpe_per_market_is_best  share_as_good_as_own_best  median_capture_ratio
60/132     study robust pick       82              0.431                          0.656                      0.061                 0.699
80/144 study raw best Sharpe       82              0.455                          0.656                      0.049                 0.694
 12/26            12/26 MACD       82              0.319                          0.656                      0.012                 0.531
50/200   50/200 golden cross       82              0.401                          0.656                      0.061                 0.652
 20/50                 20/50       82              0.356                          0.656                      0.037                 0.609

the markets people actually ask about (long/flat):
pair                10/20  100/300  116/378  12/26  120/398  20/50  200/400  21/55  32/384  5/35  50/200  58/134  60/130  60/132  62/128  62/130  78/118  80/144  9/21
asset                                                                                                                                                                 
crypto/BTC_20_26     1.13     1.01     0.71   1.07     0.65   1.03     0.45   1.04    0.62  1.12    1.13    1.03    1.06    1.11    1.06    1.11    1.00    1.08  1.11
etf/QQQ              0.67     0.98     1.10   0.67     1.05   0.75     1.04   0.68    0.97  0.76    0.90    0.85    0.88    0.87    0.89    0.88    0.91    0.92  0.62
etf/SPY              0.59     0.80     1.01   0.59     0.94   0.87     0.94   0.89    0.79  0.61    0.66    0.78    0.83    0.81    0.83    0.83    0.82    0.69  0.63
fut_commodity/GOLD   0.17     0.23     0.22   0.14     0.25   0.13     0.24   0.11    0.23  0.08    0.25    0.20    0.20    0.20    0.20    0.20    0.23    0.25  0.17
fut_equity/DAX       0.31     0.25     0.17   0.31     0.16   0.12     0.13   0.20    0.22  0.28    0.23    0.33    0.31    0.34    0.32    0.34    0.32    0.24  0.34
fx_futures/JPY       0.03     0.09     0.05   0.13     0.09   0.14     0.03   0.14    0.09  0.02    0.10    0.03    0.02    0.04    0.03    0.05    0.06    0.13  0.01
index/^GSPC          0.50     0.61     0.80   0.56     0.79   0.67     0.80   0.70    0.58  0.47    0.53    0.60    0.64    0.62    0.64    0.66    0.69    0.60  0.43
index/^IXIC          0.74     0.74     0.96   0.73     0.91   0.67     0.91   0.64    0.73  0.76    0.63    0.75    0.80    0.79    0.80    0.81    0.81    0.62  0.72
stock/AAPL           1.08     0.83     0.85   0.97     0.79   1.14     0.93   1.15    0.79  1.04    1.08    1.20    1.22    1.21    1.23    1.23    1.23    1.18  1.08
stock/MSFT           0.50     0.74     0.99   0.64     0.96   0.76     0.97   0.73    0.87  0.61    0.67    0.70    0.72    0.72    0.72    0.73    0.73    0.72  0.56
