loading universe (D bars) ...
  data-hygiene screen dropped 1 series:
      - etf/SHV                      stale/timestamp artefact, lag1 autocorr -0.34
  82 markets across 8 families
    Commodity futures             10
    Crypto spot                    3
    FX (futures marks)            16
    Global equity-index futures   10
    Rate futures                   7
    US ETFs                        4
    US equity indices              6
    US single stocks              26

grid: 9299 (fast,slow) pairs  x  82 markets  =  762,518 backtests

== mode=long  (cost x1.0)
    grid  15/82 assets   (last: fut_commodity/SILVER,   9299 pairs)
    grid  30/82 assets   (last: fut_rates/GILT,   9299 pairs)
    grid  45/82 assets   (last: fx_futures/NOK,   9299 pairs)
    grid  60/82 assets   (last: stock/CAT,   9299 pairs)
    grid  75/82 assets   (last: stock/MSFT,   9299 pairs)
    grid  82/82 assets   (last: stock/XOM,   9299 pairs)
   -> 762,518 rows  in 109s

== mode=ls  (cost x1.0)
    grid  15/82 assets   (last: fut_commodity/SILVER,   9299 pairs)
    grid  30/82 assets   (last: fut_rates/GILT,   9299 pairs)
    grid  45/82 assets   (last: fx_futures/NOK,   9299 pairs)
    grid  60/82 assets   (last: stock/CAT,   9299 pairs)
    grid  75/82 assets   (last: stock/MSFT,   9299 pairs)
    grid  82/82 assets   (last: stock/XOM,   9299 pairs)
   -> 762,518 rows  in 129s

total 239s
